// Jest Snapshot v1, https://goo.gl/fbAQLP

exports[`DropDown should render the only menu icon 1`] = `
<div
  className="flex items-start relative"
>
  <div
    aria-hidden={true}
    className="menu-icon-container"
    data-testid="menu-icon"
    onClick={[Function]}
  >
    <svg
      className="menu-icon"
      data-file-name="SvgVerticalThreeDots"
    />
  </div>
</div>
`;
