// Jest Snapshot v1, https://goo.gl/fbAQLP

exports[`Testing postViewHeader with snapshot if isHidden is true, name becomes Anonymous as well even if a name is given 1`] = `
<div>
  <div
    className="flex justify-between items-start pb-s"
  >
    <div
      className="outer-wrapper"
    >
      <div
        className="wrapper medium"
      >
        <svg
          className="absolute w-full h-full"
          data-file-name="SvgAnonymous"
          height={40}
          width={40}
        />
      </div>
      <div
        className="user-wrapper"
      >
        <span
          className="name"
          data-testid="name"
        >
          Anonymous
        </span>
        <span
          className="date"
          title="01/11/1967 21:15:45"
        >
          54 years ago
        </span>
      </div>
    </div>
    <svg
      className="fill-grey cursor-pointer"
      data-file-name="SvgVerticalThreeDots"
      data-testid="test"
      onClick={[Function]}
    />
  </div>
  <div
    className="bg-grey-shd6 h-px"
    style={
      Object {
        "width": "100%",
      }
    }
  />
</div>
`;
