// Jest Snapshot v1, https://goo.gl/fbAQLP

exports[`Testing Footer with snapshot Testing Footer with required props 1`] = `
<div
  className="container"
>
  <span>
    120
     votes
  </span>
  <button
    type="button"
  >
    <svg
      data-file-name="SvgShare"
    />
  </button>
</div>
`;

exports[`Testing Footer with snapshot Testing Footer with required props 2`] = `
<div
  className="container"
>
  <span>
    120
     votes
  </span>
  <button
    type="button"
  >
    <svg
      data-file-name="SvgShare"
    />
  </button>
</div>
`;
