// Jest Snapshot v1, https://goo.gl/fbAQLP

exports[`Feedback renders The Feedback initial state 1`] = `
<div
  className="box bg-white"
>
  <div
    className=""
  >
    <form
      onSubmit={[Function]}
    >
      <h1
        className="text"
      >
        How would you rate your experience?
      </h1>
      <div
        className="emojis"
      >
        <fieldset
          className="form-options"
        >
          <p
            className="form-answer"
          >
            <input
              id="terrible"
              name="emoji"
              onChange={[Function]}
              type="radio"
              value="terrible"
            />
            <label
              className="emoji"
              data-testid="terrible"
              htmlFor="terrible"
            >
              <svg
                data-file-name="SvgTerrible"
              />
            </label>
          </p>
        </fieldset>
        <fieldset
          className="form-options"
        >
          <p
            className="form-answer"
          >
            <input
              id="bad"
              name="emoji"
              onChange={[Function]}
              type="radio"
              value="bad"
            />
            <label
              className="emoji"
              data-testid="bad"
              htmlFor="bad"
            >
              <svg
                data-file-name="SvgBad"
              />
            </label>
          </p>
        </fieldset>
        <fieldset
          className="form-options"
        >
          <p
            className="form-answer"
          >
            <input
              id="neutral"
              name="emoji"
              onChange={[Function]}
              type="radio"
              value="neutral"
            />
            <label
              className="emoji"
              data-testid="neutral"
              htmlFor="neutral"
            >
              <svg
                data-file-name="SvgNeutral"
              />
            </label>
          </p>
        </fieldset>
        <fieldset
          className="form-options"
        >
          <p
            className="form-answer"
          >
            <input
              id="good"
              name="emoji"
              onChange={[Function]}
              type="radio"
              value="good"
            />
            <label
              className="emoji"
              data-testid="good"
              htmlFor="good"
            >
              <svg
                data-file-name="SvgGood"
              />
            </label>
          </p>
        </fieldset>
        <fieldset
          className="form-options"
        >
          <p
            className="form-answer"
          >
            <input
              id="amazing"
              name="emoji"
              onChange={[Function]}
              type="radio"
              value="amazing"
            />
            <label
              className="emoji"
              data-testid="amazing"
              htmlFor="amazing"
            >
              <svg
                data-file-name="SvgAmazing"
              />
            </label>
          </p>
        </fieldset>
      </div>
      <div>
        <div
          className="form-group"
        >
          <label
            className="form-label"
            htmlFor="my label"
          >
            Do you have any comments?
          </label>
          <div
            className="form-control"
          >
            <input
              className="form-input"
              data-input-type="default"
              data-testid="text-input"
              data-variant="default"
              dir="auto"
              disabled={false}
              id="my label"
              onBlur={[Function]}
              onChange={[Function]}
              placeholder="Enter your feedback"
              type="text"
              value=""
            />
            <span
              className="status-icon"
            >
              
            </span>
            <span
              className="control-icon"
            />
          </div>
        </div>
      </div>
      <div
        className="button"
      >
        <button
          className="btn btn-primary btn-xlarge"
          disabled={true}
          type="submit"
        >
          Submit
        </button>
      </div>
    </form>
  </div>
</div>
`;
