// Jest Snapshot v1, https://goo.gl/fbAQLP

exports[`ImageView should render ImageView with imgSrc and id props 1`] = `
<div
  className="image-view-wrapper"
>
  <div
    className="bg-image-box"
  >
    <div
      style={
        Object {
          "boxSizing": "border-box",
          "display": "block",
          "margin": 0,
          "overflow": "hidden",
          "position": "relative",
        }
      }
    >
      <div
        style={
          Object {
            "boxSizing": "border-box",
            "display": "block",
            "paddingTop": "100%",
          }
        }
      />
      <img
        alt="option"
        className="bg-image"
        data-nimg="responsive"
        decoding="async"
        id="image_1"
        src="data:image/gif;base64,R0lGODlhAQABAIAAAAAAAP///yH5BAEAAAAALAAAAAABAAEAAAIBRAA7"
        style={
          Object {
            "border": "none",
            "bottom": 0,
            "boxSizing": "border-box",
            "display": "block",
            "height": 0,
            "left": 0,
            "margin": "auto",
            "maxHeight": "100%",
            "maxWidth": "100%",
            "minHeight": "100%",
            "minWidth": "100%",
            "objectFit": "cover",
            "objectPosition": undefined,
            "padding": 0,
            "position": "absolute",
            "right": 0,
            "top": 0,
            "width": 0,
          }
        }
      />
      <noscript>
        <img
          alt="option"
          className="bg-image"
          data-nimg="responsive"
          decoding="async"
          id="image_1"
          loading="lazy"
          src="https://placeimg.com/640/480/any"
          style={
            Object {
              "border": "none",
              "bottom": 0,
              "boxSizing": "border-box",
              "display": "block",
              "height": 0,
              "left": 0,
              "margin": "auto",
              "maxHeight": "100%",
              "maxWidth": "100%",
              "minHeight": "100%",
              "minWidth": "100%",
              "objectFit": "cover",
              "objectPosition": undefined,
              "padding": 0,
              "position": "absolute",
              "right": 0,
              "top": 0,
              "width": 0,
            }
          }
        />
      </noscript>
    </div>
  </div>
  <div
    style={
      Object {
        "boxSizing": "border-box",
        "display": "block",
        "margin": 0,
        "overflow": "hidden",
        "position": "relative",
      }
    }
  >
    <div
      style={
        Object {
          "boxSizing": "border-box",
          "display": "block",
          "paddingTop": "100%",
        }
      }
    />
    <img
      alt="option"
      className="image"
      data-nimg="responsive"
      decoding="async"
      id="image_1"
      src="data:image/gif;base64,R0lGODlhAQABAIAAAAAAAP///yH5BAEAAAAALAAAAAABAAEAAAIBRAA7"
      style={
        Object {
          "border": "none",
          "bottom": 0,
          "boxSizing": "border-box",
          "display": "block",
          "height": 0,
          "left": 0,
          "margin": "auto",
          "maxHeight": "100%",
          "maxWidth": "100%",
          "minHeight": "100%",
          "minWidth": "100%",
          "objectFit": "contain",
          "objectPosition": undefined,
          "padding": 0,
          "position": "absolute",
          "right": 0,
          "top": 0,
          "width": 0,
        }
      }
    />
    <noscript>
      <img
        alt="option"
        className="image"
        data-nimg="responsive"
        decoding="async"
        id="image_1"
        loading="lazy"
        src="https://placeimg.com/640/480/any"
        style={
          Object {
            "border": "none",
            "bottom": 0,
            "boxSizing": "border-box",
            "display": "block",
            "height": 0,
            "left": 0,
            "margin": "auto",
            "maxHeight": "100%",
            "maxWidth": "100%",
            "minHeight": "100%",
            "minWidth": "100%",
            "objectFit": "contain",
            "objectPosition": undefined,
            "padding": 0,
            "position": "absolute",
            "right": 0,
            "top": 0,
            "width": 0,
          }
        }
      />
    </noscript>
  </div>
</div>
`;
