// Jest Snapshot v1, https://goo.gl/fbAQLP

exports[`Friend Suggestion Component Should render correctly 1`] = `
<div
  className="flex justify-between items-center"
>
  <div
    className="box"
  >
    <div
      className="flex w-min"
    >
      <div
        className="header-wrapper"
      >
        <div
          className="header"
        >
          <div
            className="wrapper medium"
          >
            <div
              style={
                Object {
                  "boxSizing": "border-box",
                  "display": "inline-block",
                  "margin": 0,
                  "maxWidth": "100%",
                  "overflow": "hidden",
                  "position": "relative",
                }
              }
            >
              <div
                style={
                  Object {
                    "boxSizing": "border-box",
                    "display": "block",
                    "maxWidth": "100%",
                  }
                }
              >
                <img
                  alt=""
                  aria-hidden={true}
                  role="presentation"
                  src="data:image/svg+xml;base64,PHN2ZyB3aWR0aD0iNDAiIGhlaWdodD0iNDAiIHhtbG5zPSJodHRwOi8vd3d3LnczLm9yZy8yMDAwL3N2ZyIgdmVyc2lvbj0iMS4xIi8+"
                  style={
                    Object {
                      "border": "none",
                      "display": "block",
                      "margin": 0,
                      "maxWidth": "100%",
                      "padding": 0,
                    }
                  }
                />
              </div>
              <img
                className="absolute w-full h-full"
                decoding="async"
                onClick={[Function]}
                src="data:image/gif;base64,R0lGODlhAQABAIAAAAAAAP///yH5BAEAAAAALAAAAAABAAEAAAIBRAA7"
                style={
                  Object {
                    "border": "none",
                    "bottom": 0,
                    "boxSizing": "border-box",
                    "display": "block",
                    "height": 0,
                    "left": 0,
                    "margin": "auto",
                    "maxHeight": "100%",
                    "maxWidth": "100%",
                    "minHeight": "100%",
                    "minWidth": "100%",
                    "objectFit": undefined,
                    "objectPosition": undefined,
                    "padding": 0,
                    "position": "absolute",
                    "right": 0,
                    "top": 0,
                    "visibility": "hidden",
                    "width": 0,
                  }
                }
              />
            </div>
          </div>
        </div>
      </div>
      <div
        className="max-w-13xl flex flex-col justify-between ml-4 whitespace-nowrap"
      >
        <h1
          className="text-sm font-normal text-dark"
        >
          Ahmed Adel
        </h1>
        <p
          className="text-dark-grey text-xs font-light"
        >
          5 Mutual Friends
        </p>
      </div>
    </div>
  </div>
  <div
    className="flex"
  >
    <div
      className="mr-2"
    >
      <button
        className="btn btn-primary btn-small btn-rounded"
        disabled={false}
        type="button"
      >
        <span>
          <svg
            data-file-name="SvgAddFriend"
          />
        </span>
      </button>
    </div>
    <button
      className="btn btn-delete btn-small btn-rounded"
      disabled={false}
      type="button"
    >
      <span>
        <svg
          data-file-name="SvgDeleteFriend"
        />
      </span>
    </button>
  </div>
</div>
`;
