// Jest Snapshot v1, https://goo.gl/fbAQLP

exports[`MiniSurveyViewOptions component should render () OptionGroup when we apply () 1`] = `
<div
  className="space-y-4"
>
  <div
    className="space-y-2"
  >
    <div
      className="text-dark-grey text-sm"
    >
      Group Name
    </div>
    <div
      data-testid="option"
    />
    <div
      data-testid="option"
    />
    <div
      data-testid="option"
    >
      <p>
         omar gamal
      </p>
    </div>
  </div>
  
</div>
`;
