// Jest Snapshot v1, https://goo.gl/fbAQLP

exports[`OptionGroup component should render () OptionGroup when we apply () 1`] = `
<div
  className="grid-rows-1 gap-4 grid"
>
  <div
    className="grid-rows-1 gap-2 grid"
  >
    <div
      className="text-dark-grey text-sm"
    >
      Group Name
    </div>
    <div
      data-testid="option"
    >
      <button
        className="btnBody"
        data-testid="eeb0a32a-1a3c-4c7f-9e50-dd3d3f70b53d"
        disabled={false}
        id="eeb0a32a-1a3c-4c7f-9e50-dd3d3f70b53d"
        onClick={[Function]}
        type="button"
      >
        <span
          className="flex-container"
        >
          <span
            className="letter"
          >
            a
          </span>
          <p
            className="option"
          >
             
            ali tramsi
             
          </p>
          <span />
        </span>
      </button>
    </div>
    <div
      data-testid="option"
    >
      <button
        className="btnBody"
        data-testid="eeb0a32a-1a3c-4c7f-9e50-dd3d3f70b5aa"
        disabled={false}
        id="eeb0a32a-1a3c-4c7f-9e50-dd3d3f70b5aa"
        onClick={[Function]}
        type="button"
      >
        <span
          className="flex-container"
        >
          <span
            className="letter"
          >
            b
          </span>
          <p
            className="option"
          >
             
             ahmed essam
             
          </p>
          <span />
        </span>
      </button>
    </div>
    <div
      data-testid="option"
    >
      <button
        className="btnBody"
        data-testid="eeb0a32a-1a3c-4c7f-9e50-dd3d3f70b53c"
        disabled={false}
        id="eeb0a32a-1a3c-4c7f-9e50-dd3d3f70b53c"
        onClick={[Function]}
        type="button"
      >
        <span
          className="flex-container"
        >
          <span
            className="letter"
          >
            c
          </span>
          <p
            className="option"
          >
             
             omar gamal
             
          </p>
          <span />
        </span>
      </button>
    </div>
  </div>
</div>
`;
