// Jest Snapshot v1, https://goo.gl/fbAQLP

exports[`Privacy Component with snapshot should render with no options on the select when giving it empty array without a divider 1`] = `
<div
  className="privacyContainer"
>
  <div
    className="hideMyIdentityContainer"
  >
    <label
      className="toggleBodyClasses toggleBodyClassesSmall toggleBodyClassesUncheckedAndEnabled toggleBodyClassesSmallUnchecked"
      htmlFor="hideMyIdentityToggler"
    >
      <input
        className="opacity-0 absolute checkBoxInputEnabled"
        data-testid="hideMyIdentityToggler"
        defaultChecked={false}
        disabled={false}
        id="hideMyIdentityToggler"
        onChange={[Function]}
        type="checkbox"
      />
      <div
        className="circleClasses circleClassesUnChecked circleClassesSmall"
      />
    </label>
    <span
      className="hideMyIdentityText"
    >
      Hide my identity
    </span>
  </div>
  <div
    className="privacySelectorContainer privacySelectorContainerWithoutDivider"
  >
    <span
      className="privacySelectorText"
    >
      Privacy:
    </span>
    <select
      className="privacySelector"
      data-testid="selectTestId"
      onChange={[Function]}
    />
  </div>
</div>
`;
