// Jest Snapshot v1, https://goo.gl/fbAQLP

exports[`Navigation should render Navigation component with notFilled avatar and Vertical divider 1`] = `
<nav
  className="navigation-wrapper"
>
  <div
    className="navigation"
  >
    <div
      className="brand-name-container"
    >
      <a
        className="brand-name"
        href="/"
        onClick={[Function]}
        onMouseEnter={[Function]}
      >
        Pickify
      </a>
    </div>
    <div
      className="nav-links-container"
    >
      <div
        className="home-nav-links"
      >
        <ul>
          <li>
            <a
              href="/"
              onClick={[Function]}
              onMouseEnter={[Function]}
            >
              <svg
                data-file-name="SvgHome"
              />
            </a>
          </li>
          <li>
            <svg
              data-file-name="SvgFriends"
            />
          </li>
          <li
            className="hidden md:inline"
          >
            <svg
              data-file-name="SvgBill"
            />
          </li>
          <li
            className="md:hidden"
          >
            <div
              className="flex items-start relative"
            >
              <div
                aria-hidden={true}
                aria-pressed={false}
                className="menu-icon-container w-l h-l"
                data-testid="menu-icon"
                role="button"
                tabIndex={0}
              >
                <div
                  className="wrapper extra-small"
                >
                  <svg
                    className="absolute w-full h-full"
                    data-file-name="SvgNotFilled"
                    height={24}
                    onClick={[Function]}
                    width={24}
                  />
                </div>
              </div>
            </div>
          </li>
          <li>
            <svg
              className="menu-icon"
              data-file-name="SvgMenu"
            />
          </li>
        </ul>
      </div>
      <div
        className="user-nav-links"
      >
        <ul>
          <li>
            <div
              className="bg-grey-shd6 w-px"
              style={
                Object {
                  "height": "16px",
                }
              }
            />
          </li>
          <li>
            <svg
              data-file-name="SvgHelp"
            />
          </li>
          <li>
            <svg
              data-file-name="SvgHappy"
            />
          </li>
          <li>
            <div
              className="flex items-start relative"
            >
              <div
                aria-hidden={true}
                aria-pressed={false}
                className="menu-icon-container w-l h-l"
                data-testid="menu-icon"
                role="button"
                tabIndex={0}
              >
                <div
                  className="wrapper extra-small"
                >
                  <svg
                    className="absolute w-full h-full"
                    data-file-name="SvgNotFilled"
                    height={24}
                    onClick={[Function]}
                    width={24}
                  />
                </div>
              </div>
            </div>
          </li>
        </ul>
      </div>
    </div>
  </div>
</nav>
`;
